? ? ?  10 1020 10 50 50 7409 "dsadasdasd"
?  20 0dasdsadasdas
?  0 1020 "abcd"
