 0 2 2 30 50 70
 0 2-2-10-30 50
 0 2 0 200 4000 80000
 0 2 0 101 5 4
abcdefghijklijklijklijkl
 8988.941176470587
