Toto je nejaky text
Toto je nejaky text, ktery jeste trochu obohatime
Pozice retezce "text" v retezci str2: 16
Zadejte nejakou posloupnost vsech malych pismen a-h, pricemz se pismena nesmeji v posloupnosti opakovat? 
